
Memory Configuration

Name             Origin             Length             Attributes
flash            0x00000000         0x20000000         xr
sram             0x02000000         0x20000000         xrw
*default*        0x00000000         0xffffffff

Linker script and memory map


.text           0x00000000      0x138
 *(.vectors*)
 .vectors       0x00000000       0x1c startup.o
                0x00000000                vectors
 *(.text*)
 .text          0x0000001c       0x8c main.o
                0x0000001c                main
 .text          0x000000a8       0x90 startup.o
                0x000000a8                NMI_Handler
                0x000000a8                MM_Fault_Handler
                0x000000a8                Bus_Fault
                0x000000a8                Default_Handler
                0x000000a8                H_fault_Handler
                0x000000a8                Usage_Fault_Handler
                0x000000b4                reset_handler
 *(.rodata*)
                0x00000138                _E_Text = .

.glue_7         0x00000138        0x0
 .glue_7        0x00000138        0x0 linker stubs

.glue_7t        0x00000138        0x0
 .glue_7t       0x00000138        0x0 linker stubs

.vfp11_veneer   0x00000138        0x0
 .vfp11_veneer  0x00000138        0x0 linker stubs

.v4_bx          0x00000138        0x0
 .v4_bx         0x00000138        0x0 linker stubs

.iplt           0x00000138        0x0
 .iplt          0x00000138        0x0 main.o

.rel.dyn        0x00000138        0x0
 .rel.iplt      0x00000138        0x0 main.o

.data           0x02000000        0x0 load address 0x00000138
                0x02000000                _S_DATA = .
 *(.data*)
 .data          0x02000000        0x0 main.o
 .data          0x02000000        0x0 startup.o
                0x02000000                . = ALIGN (0x4)
                0x02000000                _E_DATA = .

.igot.plt       0x02000000        0x0 load address 0x00000138
 .igot.plt      0x02000000        0x0 main.o

.bss            0x02000000      0x400 load address 0x00000138
                0x02000000                _S_bss = .
 *(.bss*)
 .bss           0x02000000        0x0 main.o
 .bss           0x02000000      0x400 startup.o
                0x02000400                _E_bss = .
LOAD main.o
LOAD startup.o
OUTPUT(lab-4-cortex-M4.elf elf32-littlearm)

.debug_info     0x00000000      0x24b
 .debug_info    0x00000000       0x99 main.o
 .debug_info    0x00000099      0x1b2 startup.o

.debug_abbrev   0x00000000      0x134
 .debug_abbrev  0x00000000       0x58 main.o
 .debug_abbrev  0x00000058       0xdc startup.o

.debug_loc      0x00000000       0xb4
 .debug_loc     0x00000000       0x38 main.o
 .debug_loc     0x00000038       0x7c startup.o

.debug_aranges  0x00000000       0x40
 .debug_aranges
                0x00000000       0x20 main.o
 .debug_aranges
                0x00000020       0x20 startup.o

.debug_line     0x00000000       0xca
 .debug_line    0x00000000       0x61 main.o
 .debug_line    0x00000061       0x69 startup.o

.debug_str      0x00000000      0x19a
 .debug_str     0x00000000      0x11a main.o
                                0x14e (size before relaxing)
 .debug_str     0x0000011a       0x80 startup.o
                                0x1c0 (size before relaxing)

.comment        0x00000000       0x7e
 .comment       0x00000000       0x7e main.o
                                 0x7f (size before relaxing)
 .comment       0x0000007e       0x7f startup.o

.ARM.attributes
                0x00000000       0x33
 .ARM.attributes
                0x00000000       0x33 main.o
 .ARM.attributes
                0x00000033       0x33 startup.o

.debug_frame    0x00000000       0x7c
 .debug_frame   0x00000000       0x2c main.o
 .debug_frame   0x0000002c       0x50 startup.o
