
Memory Configuration

Name             Origin             Length             Attributes
flash            0x08000000         0x00020000         xr
sram             0x02000000         0x00005000         xrw
*default*        0x00000000         0xffffffff

Linker script and memory map


.text           0x08000000      0x124
 *(.vectors*)
 .vectors       0x08000000       0x1c startup.o
                0x08000000                vectors
 *(.text*)
 .text          0x0800001c       0x78 main.o
                0x0800001c                main
 .text          0x08000094       0x90 startup.o
                0x08000094                MM_Fault_Handler
                0x08000094                Bus_Fault
                0x08000094                Default_Handler
                0x08000094                H_fault_Handler
                0x08000094                Usage_Fault_Handler
                0x08000094                NMI_Handler
                0x080000a0                Rest_Handler
 *(.rodata*)
                0x08000124                _E_Text = .

.glue_7         0x08000124        0x0
 .glue_7        0x08000124        0x0 linker stubs

.glue_7t        0x08000124        0x0
 .glue_7t       0x08000124        0x0 linker stubs

.vfp11_veneer   0x08000124        0x0
 .vfp11_veneer  0x08000124        0x0 linker stubs

.v4_bx          0x08000124        0x0
 .v4_bx         0x08000124        0x0 linker stubs

.iplt           0x08000124        0x0
 .iplt          0x08000124        0x0 main.o

.rel.dyn        0x08000124        0x0
 .rel.iplt      0x08000124        0x0 main.o

.data           0x02000000        0x4 load address 0x08000124
                0x02000000                _S_DATA = .
 *(.data*)
 .data          0x02000000        0x4 main.o
                0x02000000                R_ODR
 .data          0x02000004        0x0 startup.o
                0x02000004                . = ALIGN (0x4)
                0x02000004                _E_DATA = .

.igot.plt       0x02000004        0x0 load address 0x08000128
 .igot.plt      0x02000004        0x0 main.o

.bss            0x02000004     0x1000 load address 0x08000128
                0x02000004                _S_bss = .
 *(.bss*)
 .bss           0x02000004        0x0 main.o
 .bss           0x02000004        0x0 startup.o
                0x02000004                _E_bss = .
                0x02001004                . = (. + 0x1000)
 *fill*         0x02000004     0x1000 
                0x02001004                _stack_top = .
LOAD main.o
LOAD startup.o
OUTPUT(learn-in-depth-cortex-m3.elf elf32-littlearm)

.debug_info     0x00000000      0x2df
 .debug_info    0x00000000      0x14f main.o
 .debug_info    0x0000014f      0x190 startup.o

.debug_abbrev   0x00000000      0x1b4
 .debug_abbrev  0x00000000       0xde main.o
 .debug_abbrev  0x000000de       0xd6 startup.o

.debug_loc      0x00000000       0xb4
 .debug_loc     0x00000000       0x38 main.o
 .debug_loc     0x00000038       0x7c startup.o

.debug_aranges  0x00000000       0x40
 .debug_aranges
                0x00000000       0x20 main.o
 .debug_aranges
                0x00000020       0x20 startup.o

.debug_line     0x00000000      0x269
 .debug_line    0x00000000      0x12b main.o
 .debug_line    0x0000012b      0x13e startup.o

.debug_str      0x00000000      0x1c4
 .debug_str     0x00000000      0x145 main.o
                                0x182 (size before relaxing)
 .debug_str     0x00000145       0x7f startup.o
                                0x1c6 (size before relaxing)

.comment        0x00000000       0x7e
 .comment       0x00000000       0x7e main.o
                                 0x7f (size before relaxing)
 .comment       0x0000007e       0x7f startup.o

.ARM.attributes
                0x00000000       0x33
 .ARM.attributes
                0x00000000       0x33 main.o
 .ARM.attributes
                0x00000033       0x33 startup.o

.debug_frame    0x00000000       0x7c
 .debug_frame   0x00000000       0x2c main.o
 .debug_frame   0x0000002c       0x50 startup.o
